#-----------------------------------------------------------
# Vivado v2023.2 (64-bit)
# SW Build 4029153 on Fri Oct 13 20:14:34 MDT 2023
# IP Build 4028589 on Sat Oct 14 00:45:43 MDT 2023
# SharedData Build 4025554 on Tue Oct 10 17:18:54 MDT 2023
# Start of session at: Mon Mar 18 13:18:53 2024
# Process ID: 21416
# Current directory: C:/ECE/ECE3300L/Alarm_Clock
# Command line: vivado.exe -gui_launcher_event rodinguilauncherevent21548 C:\ECE\ECE3300L\Alarm_Clock\Alarm_Clock.xpr
# Log file: C:/ECE/ECE3300L/Alarm_Clock/vivado.log
# Journal file: C:/ECE/ECE3300L/Alarm_Clock\vivado.jou
# Running On: DESKTOP-BSI61R4, OS: Windows, CPU Frequency: 2096 MHz, CPU Physical cores: 8, Host memory: 6387 MB
#-----------------------------------------------------------
start_gui
open_project C:/ECE/ECE3300L/Alarm_Clock/Alarm_Clock.xpr
update_compile_order -fileset sources_1
file mkdir C:/ECE/ECE3300L/Alarm_Clock/Alarm_Clock.srcs/sources_1/new
close [ open C:/ECE/ECE3300L/Alarm_Clock/Alarm_Clock.srcs/sources_1/new/Alarm_Clock.v w ]
add_files C:/ECE/ECE3300L/Alarm_Clock/Alarm_Clock.srcs/sources_1/new/Alarm_Clock.v
update_compile_order -fileset sources_1
update_compile_order -fileset sources_1
update_compile_order -fileset sources_1
set_property is_enabled false [get_files  C:/ECE/ECE3300L/Digital_Clock/Digital_Clock.srcs/sources_1/new/MinuteClkGen.v]
set_property is_enabled false [get_files  C:/ECE/ECE3300L/Digital_Clock/Digital_Clock.srcs/sources_1/new/MinutesUpCounter.v]
set_property is_enabled false [get_files  C:/ECE/ECE3300L/Digital_Clock/Digital_Clock.srcs/sources_1/new/SecondsUpCounter.v]
update_compile_order -fileset sources_1
update_compile_order -fileset sim_1
update_compile_order -fileset sources_1
update_compile_order -fileset sim_1
set_property is_enabled false [get_files  C:/ECE/ECE3300L/Digital_Clock/Digital_Clock.srcs/sim_1/new/tb_seconds_counter.v]
add_files -norecurse {C:/ECE/ECE3300L/Lab6_POV_redo/Lab6_POV_redo.srcs/sources_1/new/PatGen1.v C:/ECE/ECE3300L/Lab6_POV_redo/Lab6_POV_redo.srcs/sources_1/new/PatGen2.v C:/ECE/ECE3300L/Lab6_POV_redo/Lab6_POV_redo.srcs/sources_1/new/PatGen3.v C:/ECE/ECE3300L/Lab6_POV_redo/Lab6_POV_redo.srcs/sources_1/new/PatGen4.v C:/ECE/ECE3300L/Lab6_POV_redo/Lab6_POV_redo.srcs/sources_1/new/POV.v}
update_compile_order -fileset sources_1
set_property is_enabled false [get_files  C:/ECE/ECE3300L/Lab6_POV_redo/Lab6_POV_redo.srcs/sources_1/new/POV.v]
update_compile_order -fileset sources_1
